Opening control.dat
 Minimum age for EIT is: 2
Phase fsh coef: 2 4
Phase bts coef: -2 -5
Phase ats coef: 3 5
Phase fsh logist: -1 -4
Phase bts logist: 2 5
 200 1 1 0 1 1 1 1 1 1 1 1 12.5 1 1 1 1 1 1 3.125 5 1 5 1 1 2 0 0 2 1
Opening ../data/pm_24.dat
../data/pm_24.dat 1964 2024
 Index min and max for age comp data: 
1 Max 60
BottomTemp:
 0.80157 1.30878 0.887 0.963 0.660695 1.36387 0.937347 1.26377 1.03611 1.21835 0.770515 1.31696 0.565789 0.646255 1.44758 1.09525 1.476 0.149056 0.870974 1.0492 1.4319 1.62911 1.4676 1.49988 0.651584 0.644704 0.407247 0.439672 0.439672 0.439672 0.439672 0.439672 0.439672 0.439672 0.4 0.4 0.4 0.4 0.4 0.4 0.4 0.4
Opening ../data/pm_fmsy_alt.dat
Opening ../data/selvar24.dat
Last yr of estimation...2022
End year, n's 2024 60 42 19 
1964 0 1
1965 0 2
1966 0 3
1967 0 4
1968 0 5
1969 0 6
1970 0 7
1971 0 8
1972 0 9
1973 0 10
1974 0 11
1975 0 12
1976 0 13
1977 0 14
1978 0 15
1979 0 16
1980 0 17
1981 0 18
1982 0 19
1983 0 20
1984 0 21
1985 0 22
1986 0 23
1987 0 24
1988 0 25
1989 0 26
1990 0 27
1991 0 28
1992 0 29
1993 0 30
1994 0 31
1995 0 32
1996 0 33
1997 0 34
1998 0 35
1999 0 36
2000 0 37
2001 0 38
2002 0 39
2003 0 40
2004 0 41
2005 0 42
2006 0 43
2007 0 44
2008 0 45
2009 0 46
2010 0 47
2011 0 48
2012 0 49
2013 0 50
2014 0 51
2015 0 52
2016 0 53
2017 0 54
2018 0 55
2019 0 56
2020 0 57
2021 0 58
2022 0 59
2023 0 60
dim_sel_ats 30
Opening ../data/cov_2024.dat
Opening ../data/wtage2024.dat
2026
10
-6 Phase for bts temperature
Starting optimization of 'pm' in phase 1 of 6 at Thu Jul 16 13:52:23 2026
phase= 1 | nvar=  3 | iter=  0 | nll=5.14e+04 | mag=2.60e+04 | par[  1]=log_avgrec
phase= 1 | nvar=  3 | iter= 17 | nll=4.01e+04 | mag=2.21e-05 | par[  3]=log_q_avo

Changing phases from: 1 =============================================

 307.728 319.523 20.3369 33.7937 32.3299 29124.8 6018.86 343.588 0 0 0 0 0 0 11218 0 0 0 0 0 0 0 12.8651 0 0 0
Length like: 3.55461
phase= 2 | nvar= 79 | iter=  0 | nll=4.10e+04 | mag=1.81e+04 | par[ 50]=log_F_devs[47]
phase= 2 | nvar= 79 | iter= 77 | nll=nan | mag=8.37e+03 | par[  3]=log_q_avo

Changing phases from: 2 =============================================

 255.489 122.679 20.3355 149.993 181.972 6799.1 2693.88 311.775 14.7837 0 0 0.640148 0 0 11218 0 0 0 0 0 0 0 12.8651 0 0 0
Length like: 12.6838
phase= 3 | nvar=203 | iter=  0 | nll=1.20e+04 | mag=1.39e+04 | par[ 73]=log_rec_devs[56]
phase= 3 | nvar=203 | iter=150 | nll=4.06e+03 | mag=6.60e+03 | par[119]=log_F_devs[41]
phase= 3 | nvar=203 | iter=286 | nll=nan | mag=1.42e+02 | par[ 88]=log_F_devs[10]

Changing phases from: 3 =============================================

 200.207 18.4986 10.7436 18.3831 12.227 1066.18 434.263 58.1832 7.38262 0 2.37134 5.2991 0 0 11218 0 0 0 0 0 74.6775 0 31.1189 0 0 0
Length like: 30.3153
phase= 4 | nvar=924 | iter=  0 | nll=1.95e+03 | mag=1.58e+03 | par[756]=sel_devs_fsh[616]
phase= 4 | nvar=924 | iter=150 | nll=1.22e+03 | mag=1.51e+03 | par[348]=sel_devs_fsh[208]
phase= 4 | nvar=924 | iter=300 | nll=1.05e+03 | mag=3.22e+02 | par[176]=sel_devs_fsh[36]
phase= 4 | nvar=924 | iter=450 | nll=1.04e+03 | mag=8.80e+01 | par[164]=sel_devs_fsh[24]
phase= 4 | nvar=924 | iter=600 | nll=1.03e+03 | mag=1.31e+01 | par[ 82]=log_F_devs[3]
phase= 4 | nvar=924 | iter=750 | nll=1.03e+03 | mag=1.07e+00 | par[ 87]=log_F_devs[8]
phase= 4 | nvar=924 | iter=889 | nll=1.03e+03 | mag=4.55e-04 | par[ 94]=log_F_devs[15]

Changing phases from: 4 =============================================

 170.349 11.71 10.8404 2.03291 12.3341 195.816 351.424 41.1937 14.4604 0 2.65843 121.255 0 0 11218 0 0 0 0 0 68.8671 0 19.1456 0 0 0
Length like: 23.2438
phase= 5 | nvar=1176 | iter=  0 | nll=1.10e+03 | mag=5.47e+02 | par[861]=sel_devs_ats[1]
phase= 5 | nvar=1176 | iter=150 | nll=9.36e+02 | mag=5.70e+02 | par[428]=sel_devs_fsh[288]
phase= 5 | nvar=1176 | iter=300 | nll=9.07e+02 | mag=2.07e+02 | par[152]=sel_devs_fsh[12]
phase= 5 | nvar=1176 | iter=450 | nll=9.04e+02 | mag=4.23e+01 | par[1090]=sel_slp_bts
phase= 5 | nvar=1176 | iter=600 | nll=9.04e+02 | mag=5.06e-01 | par[172]=sel_devs_fsh[32]
phase= 5 | nvar=1176 | iter=750 | nll=9.04e+02 | mag=8.94e-02 | par[173]=sel_devs_fsh[33]
phase= 5 | nvar=1176 | iter=900 | nll=9.04e+02 | mag=2.22e-03 | par[151]=sel_devs_fsh[11]
phase= 5 | nvar=1176 | iter=926 | nll=9.04e+02 | mag=1.17e-03 | par[163]=sel_devs_fsh[23]

Changing phases from: 5 =============================================

 61.6492 9.36317 11.3449 2.12481 9.44096 194.137 306.655 31.765 14.3656 0 2.9146 122.168 38.4783 6.9931 11218 0 0 0 0 0 68.4347 0 19.4074 0 0 0
Length like: 25.2611
phase= 6 | nvar=1223 | iter=  0 | nll=9.04e+02 | mag=5.41e+01 | par[1118]=sel_slp_bts_dev_est[26]
phase= 6 | nvar=1223 | iter=150 | nll=7.94e+02 | mag=3.76e+02 | par[ 62]=log_rec_devs[44]
phase= 6 | nvar=1223 | iter=300 | nll=7.61e+02 | mag=3.17e+02 | par[1090]=sel_slp_bts
phase= 6 | nvar=1223 | iter=450 | nll=7.58e+02 | mag=1.04e+02 | par[1090]=sel_slp_bts
phase= 6 | nvar=1223 | iter=600 | nll=7.56e+02 | mag=2.22e+01 | par[1090]=sel_slp_bts
phase= 6 | nvar=1223 | iter=750 | nll=7.56e+02 | mag=4.90e+00 | par[1090]=sel_slp_bts
phase= 6 | nvar=1223 | iter=900 | nll=7.56e+02 | mag=2.36e-01 | par[174]=sel_devs_fsh[34]
phase= 6 | nvar=1223 | iter=1050 | nll=7.56e+02 | mag=1.34e-02 | par[160]=sel_devs_fsh[20]
phase= 6 | nvar=1223 | iter=1091 | nll=7.56e+02 | mag=5.70e-04 | par[149]=sel_devs_fsh[9]
Optimization completed after 27 s with final statistics:
  nll=756.359377 | mag=5.69546e-04 | par[149]=sel_devs_fsh[9]


Finished last phase: 6 =============================================

 30.324 8.58706 10.9103 2.10463 8.75589 176.45 195.009 29.7257 13.5598 0 2.50518 123.59 56.7622 6.1822 11146.5 0 0 0 0 0 69.1383 0 19.3667 0 0 0
Length like: 25.7954
Last phase in legacy_rep section
Calculating Hessian (1223 variables): 20%, 40%, 60%, 80%, 100% done (8.2 s) 
Differentiating 66 derived quantities: 20%, 40%, 60%, 80%, 100% done (3.5 s) 
Inverting Hessian (1223 variables): 20%, 40%, 60%, 80%, 100% done (14 s) 
Starting standard error calculations... 
 Warning: Non-positive variance of sdreport variables: 1253, 1405, 1429
 done (20 s) 
T3 calc N
 14786.1 6613.5 4030.61 1943.57 1335.75 1549.2 3712.01 536.833 149.341 76.3748 88.3871 81.9095 30.2329 6.2651 14.2907
 23334.1 6011.19 4133.37 2741.03 1178.22 661.887 771.109 1859.8 228.241 63.6273 32.6268 37.3083 34.6026 12.7718 8.68378
 0.900067 0.470021 0.385584 0.500521 0.70215 0.697667 0.691105 0.855286 0.853189 0.850518 0.862508 0.861688 0.861688 0.861688 0.861688
 0.406542 0.624989 0.680053 0.606215 0.495519 0.497745 0.501022 0.425162 0.426054 0.427194 0.422102 0.422448 0.422448 0.422448 0.422448
Error -- base = 0 in function prevariable& pow(const prevariable& v1, const double u)
Error -- base = 0 in function prevariable& pow(const prevariable& v1, const double u)
Error -- base = 0 in function prevariable& pow(const prevariable& v1, const double u)
Error -- base = 0 in function prevariable& pow(const prevariable& v1, const double u)
Error -- base = 0 in function prevariable& pow(const prevariable& v1, const double u)
Error -- base = 0 in function prevariable& pow(const prevariable& v1, const double u)
Error -- base = 0 in function prevariable& pow(const prevariable& v1, const double u)
Error -- base = 0 in function prevariable& pow(const prevariable& v1, const double u)
Error -- base = 0 in function prevariable& pow(const prevariable& v1, const double u)
Error -- base = 0 in function prevariable& pow(const prevariable& v1, const double u)
Error -- base = 0 in function prevariable& pow(const prevariable& v1, const double u)
Error -- base = 0 in function prevariable& pow(const prevariable& v1, const double u)
Error -- base = 0 in function prevariable& pow(const prevariable& v1, const double u)
Error -- base = 0 in function prevariable& pow(const prevariable& v1, const double u)
Error -- base = 0 in function prevariable& pow(const prevariable& v1, const double u)
Error -- base = 0 in function prevariable& pow(const prevariable& v1, const double u)
Error -- base = 0 in function prevariable& pow(const prevariable& v1, const double u)
Error -- base = 0 in function prevariable& pow(const prevariable& v1, const double u)
Error -- base = 0 in function prevariable& pow(const prevariable& v1, const double u)
Error -- base = 0 in function prevariable& pow(const prevariable& v1, const double u)
Error -- base = 0 in function prevariable& pow(const prevariable& v1, const double u)
Error -- base = 0 in function prevariable& pow(const prevariable& v1, const double u)
Error -- base = 0 in function prevariable& pow(const prevariable& v1, const double u)
Error -- base = 0 in function prevariable& pow(const prevariable& v1, const double u)
Error -- base = 0 in function prevariable& pow(const prevariable& v1, const double u)
Error -- base = 0 in function prevariable& pow(const prevariable& v1, const double u)
Error -- base = 0 in function prevariable& pow(const prevariable& v1, const double u)
Error -- base = 0 in function prevariable& pow(const prevariable& v1, const double u)
Error -- base = 0 in function prevariable& pow(const prevariable& v1, const double u)
Error -- base = 0 in function prevariable& pow(const prevariable& v1, const double u)
Error -- base = 0 in function prevariable& pow(const prevariable& v1, const double u)
Error -- base = 0 in function prevariable& pow(const prevariable& v1, const double u)
Error -- base = 0 in function prevariable& pow(const prevariable& v1, const double u)
Error -- base = 0 in function prevariable& pow(const prevariable& v1, const double u)
Error -- base = 0 in function prevariable& pow(const prevariable& v1, const double u)
Error -- base = 0 in function prevariable& pow(const prevariable& v1, const double u)
Error -- base = 0 in function prevariable& pow(const prevariable& v1, const double u)
Error -- base = 0 in function prevariable& pow(const prevariable& v1, const double u)
Error -- base = 0 in function prevariable& pow(const prevariable& v1, const double u)
Error -- base = 0 in function prevariable& pow(const prevariable& v1, const double u)
Error -- base = 0 in function prevariable& pow(const prevariable& v1, const double u)
Error -- base = 0 in function prevariable& pow(const prevariable& v1, const double u)
Error -- base = 0 in function prevariable& pow(const prevariable& v1, const double u)
Error -- base = 0 in function prevariable& pow(const prevariable& v1, const double u)
Error -- base = 0 in function prevariable& pow(const prevariable& v1, const double u)
SSBs 0.364188
SSBs 0.345503
Error -- base = 0 in function prevariable& pow(const prevariable& v1, const double u)
Error -- base = 0 in function prevariable& pow(const prevariable& v1, const double u)
Error -- base = 0 in function prevariable& pow(const prevariable& v1, const double u)
Error -- base = 0 in function prevariable& pow(const prevariable& v1, const double u)
Error -- base = 0 in function prevariable& pow(const prevariable& v1, const double u)
Error -- base = 0 in function prevariable& pow(const prevariable& v1, const double u)
Error -- base = 0 in function prevariable& pow(const prevariable& v1, const double u)
Error -- base = 0 in function prevariable& pow(const prevariable& v1, const double u)
Error -- base = 0 in function prevariable& pow(const prevariable& v1, const double u)
Error -- base = 0 in function prevariable& pow(const prevariable& v1, const double u)
Error -- base = 0 in function prevariable& pow(const prevariable& v1, const double u)
Error -- base = 0 in function prevariable& pow(const prevariable& v1, const double u)
Error -- base = 0 in function prevariable& pow(const prevariable& v1, const double u)
Error -- base = 0 in function prevariable& pow(const prevariable& v1, const double u)
Error -- base = 0 in function prevariable& pow(const prevariable& v1, const double u)
Error -- base = 0 in function prevariable& pow(const prevariable& v1, const double u)
Error -- base = 0 in function prevariable& pow(const prevariable& v1, const double u)
Error -- base = 0 in function prevariable& pow(const prevariable& v1, const double u)
Error -- base = 0 in function prevariable& pow(const prevariable& v1, const double u)
Error -- base = 0 in function prevariable& pow(const prevariable& v1, const double u)
Error -- base = 0 in function prevariable& pow(const prevariable& v1, const double u)
Error -- base = 0 in function prevariable& pow(const prevariable& v1, const double u)
Error -- base = 0 in function prevariable& pow(const prevariable& v1, const double u)
Error -- base = 0 in function prevariable& pow(const prevariable& v1, const double u)
Error -- base = 0 in function prevariable& pow(const prevariable& v1, const double u)
Error -- base = 0 in function prevariable& pow(const prevariable& v1, const double u)
Error -- base = 0 in function prevariable& pow(const prevariable& v1, const double u)
Error -- base = 0 in function prevariable& pow(const prevariable& v1, const double u)
Error -- base = 0 in function prevariable& pow(const prevariable& v1, const double u)
Error -- base = 0 in function prevariable& pow(const prevariable& v1, const double u)
Error -- base = 0 in function prevariable& pow(const prevariable& v1, const double u)
Error -- base = 0 in function prevariable& pow(const prevariable& v1, const double u)
Error -- base = 0 in function prevariable& pow(const prevariable& v1, const double u)
Error -- base = 0 in function prevariable& pow(const prevariable& v1, const double u)
Error -- base = 0 in function prevariable& pow(const prevariable& v1, const double u)
Error -- base = 0 in function prevariable& pow(const prevariable& v1, const double u)
Error -- base = 0 in function prevariable& pow(const prevariable& v1, const double u)
Error -- base = 0 in function prevariable& pow(const prevariable& v1, const double u)
Error -- base = 0 in function prevariable& pow(const prevariable& v1, const double u)
Error -- base = 0 in function prevariable& pow(const prevariable& v1, const double u)
Error -- base = 0 in function prevariable& pow(const prevariable& v1, const double u)
Error -- base = 0 in function prevariable& pow(const prevariable& v1, const double u)
Error -- base = 0 in function prevariable& pow(const prevariable& v1, const double u)
Error -- base = 0 in function prevariable& pow(const prevariable& v1, const double u)
Error -- base = 0 in function prevariable& pow(const prevariable& v1, const double u)
Error -- base = 0 in function prevariable& pow(const prevariable& v1, const double u)
Error -- base = 0 in function prevariable& pow(const prevariable& v1, const double u)
Error -- base = 0 in function prevariable& pow(const prevariable& v1, const double u)
Error -- base = 0 in function prevariable& pow(const prevariable& v1, const double u)
Error -- base = 0 in function prevariable& pow(const prevariable& v1, const double u)
Error -- base = 0 in function prevariable& pow(const prevariable& v1, const double u)
Error -- base = 0 in function prevariable& pow(const prevariable& v1, const double u)
Error -- base = 0 in function prevariable& pow(const prevariable& v1, const double u)
Error -- base = 0 in function prevariable& pow(const prevariable& v1, const double u)
Error -- base = 0 in function prevariable& pow(const prevariable& v1, const double u)
Error -- base = 0 in function prevariable& pow(const prevariable& v1, const double u)
Error -- base = 0 in function prevariable& pow(const prevariable& v1, const double u)
Error -- base = 0 in function prevariable& pow(const prevariable& v1, const double u)
Error -- base = 0 in function prevariable& pow(const prevariable& v1, const double u)
Error -- base = 0 in function prevariable& pow(const prevariable& v1, const double u)
Error -- base = 0 in function prevariable& pow(const prevariable& v1, const double u)
Error -- base = 0 in function prevariable& pow(const prevariable& v1, const double u)
Error -- base = 0 in function prevariable& pow(const prevariable& v1, const double u)
Error -- base = 0 in function prevariable& pow(const prevariable& v1, const double u)
Error -- base = 0 in function prevariable& pow(const prevariable& v1, const double u)
Error -- base = 0 in function prevariable& pow(const prevariable& v1, const double u)
Error -- base = 0 in function prevariable& pow(const prevariable& v1, const double u)
Error -- base = 0 in function prevariable& pow(const prevariable& v1, const double u)
Error -- base = 0 in function prevariable& pow(const prevariable& v1, const double u)
Error -- base = 0 in function prevariable& pow(const prevariable& v1, const double u)
Error -- base = 0 in function prevariable& pow(const prevariable& v1, const double u)
Error -- base = 0 in function prevariable& pow(const prevariable& v1, const double u)
Error -- base = 0 in function prevariable& pow(const prevariable& v1, const double u)
Error -- base = 0 in function prevariable& pow(const prevariable& v1, const double u)
Error -- base = 0 in function prevariable& pow(const prevariable& v1, const double u)
Error -- base = 0 in function prevariable& pow(const prevariable& v1, const double u)
Error -- base = 0 in function prevariable& pow(const prevariable& v1, const double u)
Error -- base = 0 in function prevariable& pow(const prevariable& v1, const double u)
Error -- base = 0 in function prevariable& pow(const prevariable& v1, const double u)
Error -- base = 0 in function prevariable& pow(const prevariable& v1, const double u)
Error -- base = 0 in function prevariable& pow(const prevariable& v1, const double u)
Error -- base = 0 in function prevariable& pow(const prevariable& v1, const double u)
Error -- base = 0 in function prevariable& pow(const prevariable& v1, const double u)
Error -- base = 0 in function prevariable& pow(const prevariable& v1, const double u)
Error -- base = 0 in function prevariable& pow(const prevariable& v1, const double u)
Error -- base = 0 in function prevariable& pow(const prevariable& v1, const double u)
Error -- base = 0 in function prevariable& pow(const prevariable& v1, const double u)
Error -- base = 0 in function prevariable& pow(const prevariable& v1, const double u)
Error -- base = 0 in function prevariable& pow(const prevariable& v1, const double u)
Error -- base = 0 in function prevariable& pow(const prevariable& v1, const double u)

Finished running model 'pm' after 1 m 13 s.
EXIT=0
