Opening control.dat
 Minimum age for EIT is: 2
Phase fsh coef: 2 4
Phase bts coef: -2 -5
Phase ats coef: 3 5
Phase fsh logist: -1 -4
Phase bts logist: 2 5
 200 1 1 0 1 1 1 1 1 1 1 1 12.5 1 1 1 1 1 1 3.125 5 1 5 1 1 2 0 0 2 1
Opening ../data/pm_24.dat
../data/pm_24.dat 1964 2024
 Index min and max for age comp data: 
1 Max 60
BottomTemp:
 0.80157 1.30878 0.887 0.963 0.660695 1.36387 0.937347 1.26377 1.03611 1.21835 0.770515 1.31696 0.565789 0.646255 1.44758 1.09525 1.476 0.149056 0.870974 1.0492 1.4319 1.62911 1.4676 1.49988 0.651584 0.644704 0.407247 0.439672 0.439672 0.439672 0.439672 0.439672 0.439672 0.439672 0.4 0.4 0.4 0.4 0.4 0.4 0.4 0.4
Opening ../data/pm_fmsy_alt.dat
Opening ../data/selvar24.dat
Last yr of estimation...2022
End year, n's 2024 60 42 19 
1964 0 1
1965 0 2
1966 0 3
1967 0 4
1968 0 5
1969 0 6
1970 0 7
1971 0 8
1972 0 9
1973 0 10
1974 0 11
1975 0 12
1976 0 13
1977 0 14
1978 0 15
1979 0 16
1980 0 17
1981 0 18
1982 0 19
1983 0 20
1984 0 21
1985 0 22
1986 0 23
1987 0 24
1988 0 25
1989 0 26
1990 0 27
1991 0 28
1992 0 29
1993 0 30
1994 0 31
1995 0 32
1996 0 33
1997 0 34
1998 0 35
1999 0 36
2000 0 37
2001 0 38
2002 0 39
2003 0 40
2004 0 41
2005 0 42
2006 0 43
2007 0 44
2008 0 45
2009 0 46
2010 0 47
2011 0 48
2012 0 49
2013 0 50
2014 0 51
2015 0 52
2016 0 53
2017 0 54
2018 0 55
2019 0 56
2020 0 57
2021 0 58
2022 0 59
2023 0 60
dim_sel_ats 30
Opening ../data/cov_2024.dat
Opening ../data/wtage2024.dat
2026
10
-6 Phase for bts temperature
Starting optimization of 'pm' in phase 1 of 6 at Wed Jul 15 10:09:24 2026
phase= 1 | nvar=  3 | iter=  0 | nll=5.14e+04 | mag=2.61e+04 | par[  1]=log_avgrec
phase= 1 | nvar=  3 | iter= 24 | nll=4.01e+04 | mag=6.11e-04 | par[  1]=log_avgrec

Changing phases from: 1 =============================================

 307.728 260.573 20.4289 33.7937 31.6997 29124.8 6018.86 343.588 0 0 0 0 0 0 11218 0 0 0 0 4.4 0 0 0 0 0 0
Length like: 3.55461
phase= 2 | nvar= 79 | iter=  0 | nll=4.10e+04 | mag=1.80e+04 | par[ 50]=log_F_devs[47]
phase= 2 | nvar= 79 | iter= 76 | nll=nan | mag=2.00e+04 | par[ 54]=log_F_devs[51]

Changing phases from: 2 =============================================

 405.377 130.018 20.4163 149.528 50.5483 10616.8 1784.89 357.625 2362.19 0 0 2.93841 0 0 11218 0 0 0 0 4.4 0 0 0 0 0 0
Length like: 10.8405
phase= 3 | nvar=203 | iter=  0 | nll=1.77e+04 | mag=2.00e+04 | par[129]=log_F_devs[51]
phase= 3 | nvar=203 | iter=150 | nll=4.30e+03 | mag=1.37e+04 | par[129]=log_F_devs[51]
phase= 3 | nvar=203 | iter=295 | nll=1.94e+03 | mag=2.26e-04 | par[129]=log_F_devs[51]

Changing phases from: 3 =============================================

 199.969 17.0885 10.867 9.39363 11.7154 1085.4 449.612 56.5784 8.03299 0 2.42825 5.17522 0 0 11218 0 0 0 0 16.4928 27.072 0 30.9532 0 0 0
Length like: 30.1299
phase= 4 | nvar=924 | iter=  0 | nll=1.94e+03 | mag=1.59e+03 | par[756]=sel_devs_fsh[616]
phase= 4 | nvar=924 | iter=150 | nll=1.18e+03 | mag=1.24e+03 | par[360]=sel_devs_fsh[220]
phase= 4 | nvar=924 | iter=300 | nll=1.03e+03 | mag=3.20e+02 | par[ 74]=log_rec_devs[56]
phase= 4 | nvar=924 | iter=450 | nll=1.01e+03 | mag=1.11e+02 | par[ 98]=log_F_devs[19]
phase= 4 | nvar=924 | iter=600 | nll=1.01e+03 | mag=2.00e+01 | par[ 98]=log_F_devs[19]
phase= 4 | nvar=924 | iter=750 | nll=1.01e+03 | mag=2.95e-01 | par[ 86]=log_F_devs[7]
phase= 4 | nvar=924 | iter=855 | nll=1.01e+03 | mag=4.99e-04 | par[ 94]=log_F_devs[15]

Changing phases from: 4 =============================================

 170.293 11.9472 11.0277 4.19499 12.732 199.016 368.518 41.9627 14.8488 0 2.72497 122.131 0 0 11218 0 0 0 0 12.0138 21.8924 0 8.13342 0 0 0
Length like: 22.6475
phase= 5 | nvar=1177 | iter=  0 | nll=1.37e+03 | mag=5.58e+02 | par[862]=sel_devs_ats[1]
phase= 5 | nvar=1177 | iter=150 | nll=9.37e+02 | mag=7.47e+02 | par[162]=sel_devs_fsh[21]
phase= 5 | nvar=1177 | iter=300 | nll=8.89e+02 | mag=2.03e+02 | par[ 75]=log_rec_devs[56]
phase= 5 | nvar=1177 | iter=450 | nll=8.84e+02 | mag=3.46e+01 | par[1091]=sel_slp_bts
phase= 5 | nvar=1177 | iter=600 | nll=8.84e+02 | mag=5.67e-01 | par[1091]=sel_slp_bts
phase= 5 | nvar=1177 | iter=750 | nll=8.84e+02 | mag=7.80e-03 | par[176]=sel_devs_fsh[35]
phase= 5 | nvar=1177 | iter=822 | nll=8.84e+02 | mag=2.25e-03 | par[321]=sel_devs_fsh[180]

Changing phases from: 5 =============================================

 61.589 9.51766 11.5065 4.40979 9.37732 197.652 306.316 31.8992 14.7648 0 2.94816 123.108 38.4295 7.09848 11218 19.314 0 0 0 11.905 21.0169 0 8.46345 0 0 0
Length like: 24.8343
phase= 6 | nvar=1224 | iter=  0 | nll=8.87e+02 | mag=5.40e+01 | par[1119]=sel_slp_bts_dev_est[26]
phase= 6 | nvar=1224 | iter=150 | nll=7.67e+02 | mag=7.53e+02 | par[153]=sel_devs_fsh[12]
phase= 6 | nvar=1224 | iter=300 | nll=7.46e+02 | mag=3.85e+02 | par[1091]=sel_slp_bts
phase= 6 | nvar=1224 | iter=450 | nll=7.42e+02 | mag=1.15e+02 | par[1091]=sel_slp_bts
phase= 6 | nvar=1224 | iter=600 | nll=7.41e+02 | mag=1.53e+01 | par[1092]=sel_a50_bts
phase= 6 | nvar=1224 | iter=750 | nll=7.41e+02 | mag=1.26e+00 | par[1092]=sel_a50_bts
phase= 6 | nvar=1224 | iter=900 | nll=7.41e+02 | mag=3.00e-02 | par[1091]=sel_slp_bts
phase= 6 | nvar=1224 | iter=1007 | nll=7.41e+02 | mag=3.77e-04 | par[172]=sel_devs_fsh[31]
Optimization completed after 25 s with final statistics:
  nll=740.525108 | mag=3.76779e-04 | par[172]=sel_devs_fsh[31]


Finished last phase: 6 =============================================

 30.5166 8.79439 11.124 4.46496 8.66313 179.752 194.976 29.949 14.0195 0 2.56499 124.595 56.4796 6.31932 11146.5 19.314 0 0 0 14.7875 22.2129 0 8.64852 0 0 0
Length like: 25.1452
Last phase in legacy_rep section
Calculating Hessian (1224 variables): 20%, 40%, 60%, 80%, 100% done (8 s) 
Differentiating 66 derived quantities: 20%, 40%, 60%, 80%, 100% done (3.2 s) 
Inverting Hessian (1224 variables): 20%, 40%, 60%, 80%, 100% done (14 s) 
Starting standard error calculations... 
 Warning: Non-positive variance of sdreport variables: 1254, 1406, 1430
 done (20 s) 
T3 calc N
 18640.7 7450.24 4305.94 2089.94 1395.7 1563.1 3719.6 539.946 153.734 78.7537 89.4459 82.4996 30.3587 6.30374 14.2993
 23393.5 7578.24 4660.18 2933.31 1265.12 690.191 776.866 1861.44 229.191 65.3816 33.5794 37.645 34.7503 12.7876 8.67836
 0.900066 0.469193 0.383864 0.501972 0.704187 0.699159 0.692267 0.856912 0.854986 0.852412 0.865435 0.864604 0.864604 0.864604 0.864604
 0.406543 0.625507 0.681224 0.605336 0.494511 0.497003 0.50044 0.424471 0.425289 0.426385 0.420868 0.421218 0.421218 0.421218 0.421218
SSBs 0.36001
SSBs 0.34391

Finished running model 'pm' after 1 m 11 s.
