Opening control.dat
 Minimum age for EIT is: 2
Phase fsh coef: 2 4
Phase bts coef: -2 -5
Phase ats coef: 3 5
Phase fsh logist: -1 -4
Phase bts logist: 2 5
 200 1 1 1 1 1 1 1 1 1 1 1 12.5 1 1 1 1 1 1 3.125 5 1 5 1 1 2 0 0 2 1
Opening ../data/pm_24.dat
../data/pm_24.dat 1964 2024
 Index min and max for age comp data: 
1 Max 60
BottomTemp:
 0.80157 1.30878 0.887 0.963 0.660695 1.36387 0.937347 1.26377 1.03611 1.21835 0.770515 1.31696 0.565789 0.646255 1.44758 1.09525 1.476 0.149056 0.870974 1.0492 1.4319 1.62911 1.4676 1.49988 0.651584 0.644704 0.407247 0.439672 0.439672 0.439672 0.439672 0.439672 0.439672 0.439672 0.4 0.4 0.4 0.4 0.4 0.4 0.4 0.4
Opening ../data/pm_fmsy_alt.dat
Opening ../data/selvar24.dat
Last yr of estimation...2022
End year, n's 2024 60 42 19 
1964 0 1
1965 0 2
1966 0 3
1967 0 4
1968 0 5
1969 0 6
1970 0 7
1971 0 8
1972 0 9
1973 0 10
1974 0 11
1975 0 12
1976 0 13
1977 0 14
1978 0 15
1979 0 16
1980 0 17
1981 0 18
1982 0 19
1983 0 20
1984 0 21
1985 0 22
1986 0 23
1987 0 24
1988 0 25
1989 0 26
1990 0 27
1991 0 28
1992 0 29
1993 0 30
1994 0 31
1995 0 32
1996 0 33
1997 0 34
1998 0 35
1999 0 36
2000 0 37
2001 0 38
2002 0 39
2003 0 40
2004 0 41
2005 0 42
2006 0 43
2007 0 44
2008 0 45
2009 0 46
2010 0 47
2011 0 48
2012 0 49
2013 0 50
2014 0 51
2015 0 52
2016 0 53
2017 0 54
2018 0 55
2019 0 56
2020 0 57
2021 0 58
2022 0 59
2023 0 60
dim_sel_ats 30
Opening ../data/cov_2024.dat
Opening ../data/wtage2024.dat
2026
10
-6 Phase for bts temperature
Starting optimization of 'pm' in phase 1 of 6 at Wed Jul 15 09:20:58 2026
phase= 1 | nvar=  4 | iter=  0 | nll=5.14e+04 | mag=2.61e+04 | par[  1]=log_avgrec
phase= 1 | nvar=  4 | iter= 17 | nll=2.83e+04 | mag=7.14e-04 | par[  2]=log_avg_F

Changing phases from: 1 =============================================

 320.377 884.257 20.4289 10.4389 296.185 20490.3 3601.68 309.941 0 0 0 0 0 0 11218 0 0 0 0 4.4 0 0 0 0 0 0
Length like: 5.6978
phase= 2 | nvar= 80 | iter=  0 | nll=2.90e+04 | mag=1.65e+04 | par[  5]=log_F_devs[1]
phase= 2 | nvar= 80 | iter=110 | nll=7.62e+03 | mag=3.37e-04 | par[ 65]=log_F_devs[61]

Changing phases from: 2 =============================================

 282.321 59.4124 20.4289 28.0048 296.185 5296.9 1109.3 301.456 9.15706 0 0 6.5427 0 0 11218 0 0 0 0 4.4 0 0 0 0 0 0
Length like: 11.853
phase= 3 | nvar=204 | iter=  0 | nll=7.62e+03 | mag=1.46e+04 | par[ 74]=log_rec_devs[56]
phase= 3 | nvar=204 | iter=150 | nll=2.93e+03 | mag=3.88e+03 | par[ 80]=log_F_devs[1]
phase= 3 | nvar=204 | iter=241 | nll=2.25e+03 | mag=1.35e-04 | par[ 66]=log_rec_devs[48]

Changing phases from: 3 =============================================

 199.137 17.4301 10.9283 5.3578 296.185 1104.52 438.541 56.9868 7.77608 0 2.54744 5.36669 0 0 11218 0 0 0 0 15.5193 25.9308 0 23.8032 0 0 0
Length like: 29.3257
phase= 4 | nvar=925 | iter=  0 | nll=2.25e+03 | mag=1.61e+03 | par[757]=sel_devs_fsh[616]
phase= 4 | nvar=925 | iter=150 | nll=1.46e+03 | mag=1.54e+03 | par[589]=sel_devs_fsh[448]
phase= 4 | nvar=925 | iter=300 | nll=1.31e+03 | mag=3.67e+02 | par[ 75]=log_rec_devs[56]
phase= 4 | nvar=925 | iter=450 | nll=1.30e+03 | mag=9.42e+01 | par[ 98]=log_F_devs[18]
phase= 4 | nvar=925 | iter=600 | nll=1.30e+03 | mag=9.84e+00 | par[100]=log_F_devs[20]
phase= 4 | nvar=925 | iter=750 | nll=1.30e+03 | mag=3.37e-02 | par[102]=log_F_devs[22]
phase= 4 | nvar=925 | iter=802 | nll=1.30e+03 | mag=9.65e-04 | par[100]=log_F_devs[20]

Changing phases from: 4 =============================================

 168.996 12.2891 10.8803 2.28119 296.185 199.079 357.921 41.6441 15.0664 0 2.70326 122.269 0 0 11218 0 0 0 0 12.4632 22.1903 0 10.9134 0 0 0
Length like: 22.5342
phase= 5 | nvar=1178 | iter=  0 | nll=1.48e+03 | mag=5.52e+02 | par[863]=sel_devs_ats[1]
phase= 5 | nvar=1178 | iter=150 | nll=1.23e+03 | mag=7.47e+02 | par[293]=sel_devs_fsh[151]
phase= 5 | nvar=1178 | iter=300 | nll=1.19e+03 | mag=2.30e+02 | par[ 76]=log_rec_devs[56]
phase= 5 | nvar=1178 | iter=450 | nll=1.18e+03 | mag=3.23e+01 | par[1092]=sel_slp_bts
phase= 5 | nvar=1178 | iter=600 | nll=1.18e+03 | mag=7.37e-01 | par[152]=sel_devs_fsh[10]
phase= 5 | nvar=1178 | iter=750 | nll=1.18e+03 | mag=4.44e-03 | par[272]=sel_devs_fsh[130]
phase= 5 | nvar=1178 | iter=777 | nll=1.18e+03 | mag=1.79e-03 | par[176]=sel_devs_fsh[34]

Changing phases from: 5 =============================================

 62.2849 10.5302 11.6655 2.41146 296.185 197.363 305.039 31.7689 14.7948 0 3.1171 122.833 38.3636 6.25564 11218 19.314 0 0 0 12.2728 21.1274 0 11.5062 0 0 0
Length like: 24.3697
phase= 6 | nvar=1225 | iter=  0 | nll=1.19e+03 | mag=5.34e+01 | par[1120]=sel_slp_bts_dev_est[26]
phase= 6 | nvar=1225 | iter=150 | nll=1.07e+03 | mag=7.34e+02 | par[145]=sel_devs_fsh[3]
phase= 6 | nvar=1225 | iter=300 | nll=1.05e+03 | mag=3.98e+02 | par[1092]=sel_slp_bts
phase= 6 | nvar=1225 | iter=450 | nll=1.04e+03 | mag=1.17e+02 | par[1092]=sel_slp_bts
phase= 6 | nvar=1225 | iter=600 | nll=1.04e+03 | mag=2.43e+01 | par[1092]=sel_slp_bts
phase= 6 | nvar=1225 | iter=750 | nll=1.04e+03 | mag=1.75e+00 | par[200]=sel_devs_fsh[58]
phase= 6 | nvar=1225 | iter=900 | nll=1.04e+03 | mag=9.35e-02 | par[261]=sel_devs_fsh[119]
phase= 6 | nvar=1225 | iter=1049 | nll=1.04e+03 | mag=2.61e-04 | par[243]=sel_devs_fsh[101]
Optimization completed after 22 s with final statistics:
  nll=1041.681594 | mag=2.61357e-04 | par[243]=sel_devs_fsh[101]


Finished last phase: 6 =============================================

 31.2171 9.71793 11.2463 2.44679 296.185 179.862 194.17 29.655 13.9985 0 2.73213 124.194 56.2816 5.51497 11146.5 19.314 0 0 0 15.1673 22.1374 0 11.7339 0 0 0
Length like: 24.788
Last phase in legacy_rep section
Calculating Hessian (1225 variables): 20%, 40%, 60%, 80%, 100% done (8.2 s) 
Differentiating 66 derived quantities: 20%, 40%, 60%, 80%, 100% done (3.4 s) 
Inverting Hessian (1225 variables): 20%, 40%, 60%, 80%, 100%

 Error: Estimated variance of parameter 6 is -1.06808e+13, failed to invert Hessian.
        No uncertainty estimates available. Fix model structure and reoptimize.
Attempting to take the derivative of sqrt(prevariable x) at x=0
Attempting to take the derivative of sqrt(prevariable x) at x=0
Attempting to take the derivative of sqrt(prevariable x) at x=0
Attempting to take the derivative of sqrt(prevariable x) at x=0
Attempting to take the derivative of sqrt(prevariable x) at x=0
Attempting to take the derivative of sqrt(prevariable x) at x=0
Attempting to take the derivative of sqrt(prevariable x) at x=0
Attempting to take the derivative of sqrt(prevariable x) at x=0
Attempting to take the derivative of sqrt(prevariable x) at x=0
Attempting to take the derivative of sqrt(prevariable x) at x=0
Attempting to take the derivative of sqrt(prevariable x) at x=0
Attempting to take the derivative of sqrt(prevariable x) at x=0
Attempting to take the derivative of sqrt(prevariable x) at x=0
Attempting to take the derivative of sqrt(prevariable x) at x=0
Attempting to take the derivative of sqrt(prevariable x) at x=0
Attempting to take the derivative of sqrt(prevariable x) at x=0
Attempting to take the derivative of sqrt(prevariable x) at x=0
Attempting to take the derivative of sqrt(prevariable x) at x=0
Attempting to take the derivative of sqrt(prevariable x) at x=0
Attempting to take the derivative of sqrt(prevariable x) at x=0
Attempting to take the derivative of sqrt(prevariable x) at x=0
Attempting to take the derivative of sqrt(prevariable x) at x=0
Attempting to take the derivative of sqrt(prevariable x) at x=0
Attempting to take the derivative of sqrt(prevariable x) at x=0
Attempting to take the derivative of sqrt(prevariable x) at x=0
Attempting to take the derivative of sqrt(prevariable x) at x=0
Attempting to take the derivative of sqrt(prevariable x) at x=0
Attempting to take the derivative of sqrt(prevariable x) at x=0
Attempting to take the derivative of sqrt(prevariable x) at x=0
Attempting to take the derivative of sqrt(prevariable x) at x=0
Attempting to take the derivative of sqrt(prevariable x) at x=0
Attempting to take the derivative of sqrt(prevariable x) at x=0
Attempting to take the derivative of sqrt(prevariable x) at x=0
Attempting to take the derivative of sqrt(prevariable x) at x=0
Attempting to take the derivative of sqrt(prevariable x) at x=0
Attempting to take the derivative of sqrt(prevariable x) at x=0
Attempting to take the derivative of sqrt(prevariable x) at x=0
Attempting to take the derivative of sqrt(prevariable x) at x=0
Attempting to take the derivative of sqrt(prevariable x) at x=0
Attempting to take the derivative of sqrt(prevariable x) at x=0
Attempting to take the derivative of sqrt(prevariable x) at x=0
Attempting to take the derivative of sqrt(prevariable x) at x=0
Attempting to take the derivative of sqrt(prevariable x) at x=0
Attempting to take the derivative of sqrt(prevariable x) at x=0
Attempting to take the derivative of sqrt(prevariable x) at x=0
Attempting to take the derivative of sqrt(prevariable x) at x=0
Attempting to take the derivative of sqrt(prevariable x) at x=0
Attempting to take the derivative of sqrt(prevariable x) at x=0
Attempting to take the derivative of sqrt(prevariable x) at x=0
Attempting to take the derivative of sqrt(prevariable x) at x=0
Attempting to take the derivative of sqrt(prevariable x) at x=0
Attempting to take the derivative of sqrt(prevariable x) at x=0
Attempting to take the derivative of sqrt(prevariable x) at x=0
Attempting to take the derivative of sqrt(prevariable x) at x=0
Attempting to take the derivative of sqrt(prevariable x) at x=0
Attempting to take the derivative of sqrt(prevariable x) at x=0
Attempting to take the derivative of sqrt(prevariable x) at x=0
Attempting to take the derivative of sqrt(prevariable x) at x=0
Attempting to take the derivative of sqrt(prevariable x) at x=0
Attempting to take the derivative of sqrt(prevariable x) at x=0
Attempting to take the derivative of sqrt(prevariable x) at x=0
Attempting to take the derivative of sqrt(prevariable x) at x=0
Attempting to take the derivative of sqrt(prevariable x) at x=0
Attempting to take the derivative of sqrt(prevariable x) at x=0
Attempting to take the derivative of sqrt(prevariable x) at x=0
Attempting to take the derivative of sqrt(prevariable x) at x=0
Attempting to take the derivative of sqrt(prevariable x) at x=0
Attempting to take the derivative of sqrt(prevariable x) at x=0
Attempting to take the derivative of sqrt(prevariable x) at x=0
Attempting to take the derivative of sqrt(prevariable x) at x=0
Attempting to take the derivative of sqrt(prevariable x) at x=0
Attempting to take the derivative of sqrt(prevariable x) at x=0
Attempting to take the derivative of sqrt(prevariable x) at x=0
Attempting to take the derivative of sqrt(prevariable x) at x=0
Attempting to take the derivative of sqrt(prevariable x) at x=0
Attempting to take the derivative of sqrt(prevariable x) at x=0
Attempting to take the derivative of sqrt(prevariable x) at x=0
Attempting to take the derivative of sqrt(prevariable x) at x=0
Attempting to take the derivative of sqrt(prevariable x) at x=0
Attempting to take the derivative of sqrt(prevariable x) at x=0
Attempting to take the derivative of sqrt(prevariable x) at x=0
Attempting to take the derivative of sqrt(prevariable x) at x=0
Attempting to take the derivative of sqrt(prevariable x) at x=0
Attempting to take the derivative of sqrt(prevariable x) at x=0
Attempting to take the derivative of sqrt(prevariable x) at x=0
Attempting to take the derivative of sqrt(prevariable x) at x=0
Attempting to take the derivative of sqrt(prevariable x) at x=0
Attempting to take the derivative of sqrt(prevariable x) at x=0
Attempting to take the derivative of sqrt(prevariable x) at x=0
Attempting to take the derivative of sqrt(prevariable x) at x=0
Attempting to take the derivative of sqrt(prevariable x) at x=0
Attempting to take the derivative of sqrt(prevariable x) at x=0
Attempting to take the derivative of sqrt(prevariable x) at x=0
Attempting to take the derivative of sqrt(prevariable x) at x=0
Attempting to take the derivative of sqrt(prevariable x) at x=0
Attempting to take the derivative of sqrt(prevariable x) at x=0
Attempting to take the derivative of sqrt(prevariable x) at x=0
Attempting to take the derivative of sqrt(prevariable x) at x=0
Attempting to take the derivative of sqrt(prevariable x) at x=0
Attempting to take the derivative of sqrt(prevariable x) at x=0
Attempting to take the derivative of sqrt(prevariable x) at x=0
Attempting to take the derivative of sqrt(prevariable x) at x=0
Attempting to take the derivative of sqrt(prevariable x) at x=0
Attempting to take the derivative of sqrt(prevariable x) at x=0
Attempting to take the derivative of sqrt(prevariable x) at x=0
Attempting to take the derivative of sqrt(prevariable x) at x=0
Attempting to take the derivative of sqrt(prevariable x) at x=0
Attempting to take the derivative of sqrt(prevariable x) at x=0
Attempting to take the derivative of sqrt(prevariable x) at x=0
Attempting to take the derivative of sqrt(prevariable x) at x=0
Attempting to take the derivative of sqrt(prevariable x) at x=0
Attempting to take the derivative of sqrt(prevariable x) at x=0
Attempting to take the derivative of sqrt(prevariable x) at x=0
Attempting to take the derivative of sqrt(prevariable x) at x=0
Attempting to take the derivative of sqrt(prevariable x) at x=0
Attempting to take the derivative of sqrt(prevariable x) at x=0
Attempting to take the derivative of sqrt(prevariable x) at x=0
Attempting to take the derivative of sqrt(prevariable x) at x=0
Attempting to take the derivative of sqrt(prevariable x) at x=0
Attempting to take the derivative of sqrt(prevariable x) at x=0
Attempting to take the derivative of sqrt(prevariable x) at x=0
Attempting to take the derivative of sqrt(prevariable x) at x=0
Attempting to take the derivative of sqrt(prevariable x) at x=0
Attempting to take the derivative of sqrt(prevariable x) at x=0
Attempting to take the derivative of sqrt(prevariable x) at x=0
Attempting to take the derivative of sqrt(prevariable x) at x=0
Attempting to take the derivative of sqrt(prevariable x) at x=0
Attempting to take the derivative of sqrt(prevariable x) at x=0
Attempting to take the derivative of sqrt(prevariable x) at x=0
Attempting to take the derivative of sqrt(prevariable x) at x=0
Attempting to take the derivative of sqrt(prevariable x) at x=0
Attempting to take the derivative of sqrt(prevariable x) at x=0
Attempting to take the derivative of sqrt(prevariable x) at x=0
Attempting to take the derivative of sqrt(prevariable x) at x=0
Attempting to take the derivative of sqrt(prevariable x) at x=0
Attempting to take the derivative of sqrt(prevariable x) at x=0
Attempting to take the derivative of sqrt(prevariable x) at x=0
Attempting to take the derivative of sqrt(prevariable x) at x=0
Attempting to take the derivative of sqrt(prevariable x) at x=0
Attempting to take the derivative of sqrt(prevariable x) at x=0
Attempting to take the derivative of sqrt(prevariable x) at x=0
Attempting to take the derivative of sqrt(prevariable x) at x=0
Attempting to take the derivative of sqrt(prevariable x) at x=0
Attempting to take the derivative of sqrt(prevariable x) at x=0
Attempting to take the derivative of sqrt(prevariable x) at x=0
Attempting to take the derivative of sqrt(prevariable x) at x=0
Attempting to take the derivative of sqrt(prevariable x) at x=0
Attempting to take the derivative of sqrt(prevariable x) at x=0
Attempting to take the derivative of sqrt(prevariable x) at x=0
Attempting to take the derivative of sqrt(prevariable x) at x=0
Attempting to take the derivative of sqrt(prevariable x) at x=0
Attempting to take the derivative of sqrt(prevariable x) at x=0
Attempting to take the derivative of sqrt(prevariable x) at x=0
Attempting to take the derivative of sqrt(prevariable x) at x=0
Attempting to take the derivative of sqrt(prevariable x) at x=0
Attempting to take the derivative of sqrt(prevariable x) at x=0
Attempting to take the derivative of sqrt(prevariable x) at x=0
Attempting to take the derivative of sqrt(prevariable x) at x=0
Attempting to take the derivative of sqrt(prevariable x) at x=0
Attempting to take the derivative of sqrt(prevariable x) at x=0
Attempting to take the derivative of sqrt(prevariable x) at x=0
Attempting to take the derivative of sqrt(prevariable x) at x=0
Attempting to take the derivative of sqrt(prevariable x) at x=0
Attempting to take the derivative of sqrt(prevariable x) at x=0
Attempting to take the derivative of sqrt(prevariable x) at x=0
Attempting to take the derivative of sqrt(prevariable x) at x=0
Attempting to take the derivative of sqrt(prevariable x) at x=0
Attempting to take the derivative of sqrt(prevariable x) at x=0
Attempting to take the derivative of sqrt(prevariable x) at x=0
Attempting to take the derivative of sqrt(prevariable x) at x=0
Attempting to take the derivative of sqrt(prevariable x) at x=0
Attempting to take the derivative of sqrt(prevariable x) at x=0
Attempting to take the derivative of sqrt(prevariable x) at x=0
Attempting to take the derivative of sqrt(prevariable x) at x=0
Attempting to take the derivative of sqrt(prevariable x) at x=0
Attempting to take the derivative of sqrt(prevariable x) at x=0
Attempting to take the derivative of sqrt(prevariable x) at x=0
Attempting to take the derivative of sqrt(prevariable x) at x=0
Attempting to take the derivative of sqrt(prevariable x) at x=0
Attempting to take the derivative of sqrt(prevariable x) at x=0
Attempting to take the derivative of sqrt(prevariable x) at x=0
Attempting to take the derivative of sqrt(prevariable x) at x=0
Attempting to take the derivative of sqrt(prevariable x) at x=0
Attempting to take the derivative of sqrt(prevariable x) at x=0
Attempting to take the derivative of sqrt(prevariable x) at x=0
Attempting to take the derivative of sqrt(prevariable x) at x=0
Attempting to take the derivative of sqrt(prevariable x) at x=0
Attempting to take the derivative of sqrt(prevariable x) at x=0
Attempting to take the derivative of sqrt(prevariable x) at x=0
Attempting to take the derivative of sqrt(prevariable x) at x=0
Attempting to take the derivative of sqrt(prevariable x) at x=0
Attempting to take the derivative of sqrt(prevariable x) at x=0
Attempting to take the derivative of sqrt(prevariable x) at x=0
Attempting to take the derivative of sqrt(prevariable x) at x=0
Attempting to take the derivative of sqrt(prevariable x) at x=0
Attempting to take the derivative of sqrt(prevariable x) at x=0
Attempting to take the derivative of sqrt(prevariable x) at x=0
Attempting to take the derivative of sqrt(prevariable x) at x=0
Attempting to take the derivative of sqrt(prevariable x) at x=0
Attempting to take the derivative of sqrt(prevariable x) at x=0
Attempting to take the derivative of sqrt(prevariable x) at x=0
Attempting to take the derivative of sqrt(prevariable x) at x=0
Attempting to take the derivative of sqrt(prevariable x) at x=0
Attempting to take the derivative of sqrt(prevariable x) at x=0
Attempting to take the derivative of sqrt(prevariable x) at x=0
Attempting to take the derivative of sqrt(prevariable x) at x=0
Attempting to take the derivative of sqrt(prevariable x) at x=0
Attempting to take the derivative of sqrt(prevariable x) at x=0
Attempting to take the derivative of sqrt(prevariable x) at x=0
Attempting to take the derivative of sqrt(prevariable x) at x=0
Attempting to take the derivative of sqrt(prevariable x) at x=0
Attempting to take the derivative of sqrt(prevariable x) at x=0
Attempting to take the derivative of sqrt(prevariable x) at x=0
Attempting to take the derivative of sqrt(prevariable x) at x=0
Attempting to take the derivative of sqrt(prevariable x) at x=0
Attempting to take the derivative of sqrt(prevariable x) at x=0
Attempting to take the derivative of sqrt(prevariable x) at x=0
Attempting to take the derivative of sqrt(prevariable x) at x=0
Attempting to take the derivative of sqrt(prevariable x) at x=0
Attempting to take the derivative of sqrt(prevariable x) at x=0
Attempting to take the derivative of sqrt(prevariable x) at x=0
Attempting to take the derivative of sqrt(prevariable x) at x=0
Attempting to take the derivative of sqrt(prevariable x) at x=0
Attempting to take the derivative of sqrt(prevariable x) at x=0
Attempting to take the derivative of sqrt(prevariable x) at x=0
Attempting to take the derivative of sqrt(prevariable x) at x=0
Attempting to take the derivative of sqrt(prevariable x) at x=0
Attempting to take the derivative of sqrt(prevariable x) at x=0
Attempting to take the derivative of sqrt(prevariable x) at x=0
Attempting to take the derivative of sqrt(prevariable x) at x=0
Attempting to take the derivative of sqrt(prevariable x) at x=0
Attempting to take the derivative of sqrt(prevariable x) at x=0
Attempting to take the derivative of sqrt(prevariable x) at x=0
Attempting to take the derivative of sqrt(prevariable x) at x=0
Attempting to take the derivative of sqrt(prevariable x) at x=0
Attempting to take the derivative of sqrt(prevariable x) at x=0
Attempting to take the derivative of sqrt(prevariable x) at x=0
Attempting to take the derivative of sqrt(prevariable x) at x=0
Attempting to take the derivative of sqrt(prevariable x) at x=0
Attempting to take the derivative of sqrt(prevariable x) at x=0
Attempting to take the derivative of sqrt(prevariable x) at x=0
Attempting to take the derivative of sqrt(prevariable x) at x=0
Attempting to take the derivative of sqrt(prevariable x) at x=0
Attempting to take the derivative of sqrt(prevariable x) at x=0
Attempting to take the derivative of sqrt(prevariable x) at x=0
Attempting to take the derivative of sqrt(prevariable x) at x=0
Attempting to take the derivative of sqrt(prevariable x) at x=0
Attempting to take the derivative of sqrt(prevariable x) at x=0
Attempting to take the derivative of sqrt(prevariable x) at x=0
Attempting to take the derivative of sqrt(prevariable x) at x=0
Attempting to take the derivative of sqrt(prevariable x) at x=0
Attempting to take the derivative of sqrt(prevariable x) at x=0
Attempting to take the derivative of sqrt(prevariable x) at x=0
Attempting to take the derivative of sqrt(prevariable x) at x=0
Attempting to take the derivative of sqrt(prevariable x) at x=0
Attempting to take the derivative of sqrt(prevariable x) at x=0
Attempting to take the derivative of sqrt(prevariable x) at x=0
Attempting to take the derivative of sqrt(prevariable x) at x=0
Attempting to take the derivative of sqrt(prevariable x) at x=0
Attempting to take the derivative of sqrt(prevariable x) at x=0
Attempting to take the derivative of sqrt(prevariable x) at x=0
Attempting to take the derivative of sqrt(prevariable x) at x=0
Attempting to take the derivative of sqrt(prevariable x) at x=0
Attempting to take the derivative of sqrt(prevariable x) at x=0
Attempting to take the derivative of sqrt(prevariable x) at x=0
Attempting to take the derivative of sqrt(prevariable x) at x=0
Attempting to take the derivative of sqrt(prevariable x) at x=0
Attempting to take the derivative of sqrt(prevariable x) at x=0
Attempting to take the derivative of sqrt(prevariable x) at x=0
Attempting to take the derivative of sqrt(prevariable x) at x=0
Attempting to take the derivative of sqrt(prevariable x) at x=0
Attempting to take the derivative of sqrt(prevariable x) at x=0
Attempting to take the derivative of sqrt(prevariable x) at x=0
Attempting to take the derivative of sqrt(prevariable x) at x=0
Attempting to take the derivative of sqrt(prevariable x) at x=0
Attempting to take the derivative of sqrt(prevariable x) at x=0
Attempting to take the derivative of sqrt(prevariable x) at x=0
Attempting to take the derivative of sqrt(prevariable x) at x=0
Attempting to take the derivative of sqrt(prevariable x) at x=0
Attempting to take the derivative of sqrt(prevariable x) at x=0
Attempting to take the derivative of sqrt(prevariable x) at x=0
Attempting to take the derivative of sqrt(prevariable x) at x=0
Attempting to take the derivative of sqrt(prevariable x) at x=0
Attempting to take the derivative of sqrt(prevariable x) at x=0
Attempting to take the derivative of sqrt(prevariable x) at x=0
Attempting to take the derivative of sqrt(prevariable x) at x=0
Attempting to take the derivative of sqrt(prevariable x) at x=0
Attempting to take the derivative of sqrt(prevariable x) at x=0
Attempting to take the derivative of sqrt(prevariable x) at x=0
Attempting to take the derivative of sqrt(prevariable x) at x=0
Attempting to take the derivative of sqrt(prevariable x) at x=0
Attempting to take the derivative of sqrt(prevariable x) at x=0
Attempting to take the derivative of sqrt(prevariable x) at x=0
Attempting to take the derivative of sqrt(prevariable x) at x=0
Attempting to take the derivative of sqrt(prevariable x) at x=0
Attempting to take the derivative of sqrt(prevariable x) at x=0
Attempting to take the derivative of sqrt(prevariable x) at x=0
Attempting to take the derivative of sqrt(prevariable x) at x=0
Attempting to take the derivative of sqrt(prevariable x) at x=0
Attempting to take the derivative of sqrt(prevariable x) at x=0
Attempting to take the derivative of sqrt(prevariable x) at x=0
Attempting to take the derivative of sqrt(prevariable x) at x=0
Attempting to take the derivative of sqrt(prevariable x) at x=0
Attempting to take the derivative of sqrt(prevariable x) at x=0
Attempting to take the derivative of sqrt(prevariable x) at x=0
Attempting to take the derivative of sqrt(prevariable x) at x=0
Attempting to take the derivative of sqrt(prevariable x) at x=0
Attempting to take the derivative of sqrt(prevariable x) at x=0
Attempting to take the derivative of sqrt(prevariable x) at x=0
Attempting to take the derivative of sqrt(prevariable x) at x=0
Attempting to take the derivative of sqrt(prevariable x) at x=0
Attempting to take the derivative of sqrt(prevariable x) at x=0
Attempting to take the derivative of sqrt(prevariable x) at x=0
Attempting to take the derivative of sqrt(prevariable x) at x=0
Attempting to take the derivative of sqrt(prevariable x) at x=0
Attempting to take the derivative of sqrt(prevariable x) at x=0
Attempting to take the derivative of sqrt(prevariable x) at x=0
Attempting to take the derivative of sqrt(prevariable x) at x=0
Attempting to take the derivative of sqrt(prevariable x) at x=0
Attempting to take the derivative of sqrt(prevariable x) at x=0
Attempting to take the derivative of sqrt(prevariable x) at x=0
Attempting to take the derivative of sqrt(prevariable x) at x=0
Attempting to take the derivative of sqrt(prevariable x) at x=0
Attempting to take the derivative of sqrt(prevariable x) at x=0
Attempting to take the derivative of sqrt(prevariable x) at x=0
Attempting to take the derivative of sqrt(prevariable x) at x=0
Attempting to take the derivative of sqrt(prevariable x) at x=0
Attempting to take the derivative of sqrt(prevariable x) at x=0
Attempting to take the derivative of sqrt(prevariable x) at x=0
Attempting to take the derivative of sqrt(prevariable x) at x=0
Attempting to take the derivative of sqrt(prevariable x) at x=0
Attempting to take the derivative of sqrt(prevariable x) at x=0
Attempting to take the derivative of sqrt(prevariable x) at x=0
Attempting to take the derivative of sqrt(prevariable x) at x=0
Attempting to take the derivative of sqrt(prevariable x) at x=0
Attempting to take the derivative of sqrt(prevariable x) at x=0
Attempting to take the derivative of sqrt(prevariable x) at x=0
Attempting to take the derivative of sqrt(prevariable x) at x=0
Attempting to take the derivative of sqrt(prevariable x) at x=0
Attempting to take the derivative of sqrt(prevariable x) at x=0
Attempting to take the derivative of sqrt(prevariable x) at x=0
Attempting to take the derivative of sqrt(prevariable x) at x=0
Attempting to take the derivative of sqrt(prevariable x) at x=0
Attempting to take the derivative of sqrt(prevariable x) at x=0
Attempting to take the derivative of sqrt(prevariable x) at x=0
Attempting to take the derivative of sqrt(prevariable x) at x=0
Attempting to take the derivative of sqrt(prevariable x) at x=0
Attempting to take the derivative of sqrt(prevariable x) at x=0
Attempting to take the derivative of sqrt(prevariable x) at x=0
Attempting to take the derivative of sqrt(prevariable x) at x=0
Attempting to take the derivative of sqrt(prevariable x) at x=0
Attempting to take the derivative of sqrt(prevariable x) at x=0
Attempting to take the derivative of sqrt(prevariable x) at x=0
Attempting to take the derivative of sqrt(prevariable x) at x=0
Attempting to take the derivative of sqrt(prevariable x) at x=0
Attempting to take the derivative of sqrt(prevariable x) at x=0
Attempting to take the derivative of sqrt(prevariable x) at x=0
Attempting to take the derivative of sqrt(prevariable x) at x=0
Attempting to take the derivative of sqrt(prevariable x) at x=0
Attempting to take the derivative of sqrt(prevariable x) at x=0
Attempting to take the derivative of sqrt(prevariable x) at x=0
Attempting to take the derivative of sqrt(prevariable x) at x=0
Attempting to take the derivative of sqrt(prevariable x) at x=0
Attempting to take the derivative of sqrt(prevariable x) at x=0
Attempting to take the derivative of sqrt(prevariable x) at x=0
Attempting to take the derivative of sqrt(prevariable x) at x=0
Attempting to take the derivative of sqrt(prevariable x) at x=0
Attempting to take the derivative of sqrt(prevariable x) at x=0
Attempting to take the derivative of sqrt(prevariable x) at x=0
Attempting to take the derivative of sqrt(prevariable x) at x=0
Attempting to take the derivative of sqrt(prevariable x) at x=0
Attempting to take the derivative of sqrt(prevariable x) at x=0
Attempting to take the derivative of sqrt(prevariable x) at x=0
Attempting to take the derivative of sqrt(prevariable x) at x=0
Attempting to take the derivative of sqrt(prevariable x) at x=0
Attempting to take the derivative of sqrt(prevariable x) at x=0
Attempting to take the derivative of sqrt(prevariable x) at x=0
Attempting to take the derivative of sqrt(prevariable x) at x=0
Attempting to take the derivative of sqrt(prevariable x) at x=0
Attempting to take the derivative of sqrt(prevariable x) at x=0
Attempting to take the derivative of sqrt(prevariable x) at x=0
Attempting to take the derivative of sqrt(prevariable x) at x=0
Attempting to take the derivative of sqrt(prevariable x) at x=0
Attempting to take the derivative of sqrt(prevariable x) at x=0
Attempting to take the derivative of sqrt(prevariable x) at x=0
Attempting to take the derivative of sqrt(prevariable x) at x=0
Attempting to take the derivative of sqrt(prevariable x) at x=0
Attempting to take the derivative of sqrt(prevariable x) at x=0
Attempting to take the derivative of sqrt(prevariable x) at x=0
Attempting to take the derivative of sqrt(prevariable x) at x=0
Attempting to take the derivative of sqrt(prevariable x) at x=0
Attempting to take the derivative of sqrt(prevariable x) at x=0
Attempting to take the derivative of sqrt(prevariable x) at x=0
Attempting to take the derivative of sqrt(prevariable x) at x=0
Attempting to take the derivative of sqrt(prevariable x) at x=0
Attempting to take the derivative of sqrt(prevariable x) at x=0
Attempting to take the derivative of sqrt(prevariable x) at x=0
Attempting to take the derivative of sqrt(prevariable x) at x=0
Attempting to take the derivative of sqrt(prevariable x) at x=0
Attempting to take the derivative of sqrt(prevariable x) at x=0
Attempting to take the derivative of sqrt(prevariable x) at x=0
Attempting to take the derivative of sqrt(prevariable x) at x=0
Attempting to take the derivative of sqrt(prevariable x) at x=0
Attempting to take the derivative of sqrt(prevariable x) at x=0
Attempting to take the derivative of sqrt(prevariable x) at x=0
Attempting to take the derivative of sqrt(prevariable x) at x=0
Attempting to take the derivative of sqrt(prevariable x) at x=0
Attempting to take the derivative of sqrt(prevariable x) at x=0
Attempting to take the derivative of sqrt(prevariable x) at x=0
Attempting to take the derivative of sqrt(prevariable x) at x=0
Attempting to take the derivative of sqrt(prevariable x) at x=0
Attempting to take the derivative of sqrt(prevariable x) at x=0
Attempting to take the derivative of sqrt(prevariable x) at x=0
Attempting to take the derivative of sqrt(prevariable x) at x=0
Attempting to take the derivative of sqrt(prevariable x) at x=0
Attempting to take the derivative of sqrt(prevariable x) at x=0
Attempting to take the derivative of sqrt(prevariable x) at x=0
Attempting to take the derivative of sqrt(prevariable x) at x=0
Attempting to take the derivative of sqrt(prevariable x) at x=0
Attempting to take the derivative of sqrt(prevariable x) at x=0
Attempting to take the derivative of sqrt(prevariable x) at x=0
Attempting to take the derivative of sqrt(prevariable x) at x=0
Attempting to take the derivative of sqrt(prevariable x) at x=0
Attempting to take the derivative of sqrt(prevariable x) at x=0
Attempting to take the derivative of sqrt(prevariable x) at x=0
Attempting to take the derivative of sqrt(prevariable x) at x=0
Attempting to take the derivative of sqrt(prevariable x) at x=0
Attempting to take the derivative of sqrt(prevariable x) at x=0
Attempting to take the derivative of sqrt(prevariable x) at x=0
Attempting to take the derivative of sqrt(prevariable x) at x=0
Attempting to take the derivative of sqrt(prevariable x) at x=0
Attempting to take the derivative of sqrt(prevariable x) at x=0
Attempting to take the derivative of sqrt(prevariable x) at x=0
Attempting to take the derivative of sqrt(prevariable x) at x=0
Attempting to take the derivative of sqrt(prevariable x) at x=0
Attempting to take the derivative of sqrt(prevariable x) at x=0
Attempting to take the derivative of sqrt(prevariable x) at x=0
Attempting to take the derivative of sqrt(prevariable x) at x=0
Attempting to take the derivative of sqrt(prevariable x) at x=0
Attempting to take the derivative of sqrt(prevariable x) at x=0
Attempting to take the derivative of sqrt(prevariable x) at x=0
Attempting to take the derivative of sqrt(prevariable x) at x=0
Attempting to take the derivative of sqrt(prevariable x) at x=0
Attempting to take the derivative of sqrt(prevariable x) at x=0
Attempting to take the derivative of sqrt(prevariable x) at x=0
Attempting to take the derivative of sqrt(prevariable x) at x=0
Attempting to take the derivative of sqrt(prevariable x) at x=0
Attempting to take the derivative of sqrt(prevariable x) at x=0
Attempting to take the derivative of sqrt(prevariable x) at x=0
Attempting to take the derivative of sqrt(prevariable x) at x=0
Attempting to take the derivative of sqrt(prevariable x) at x=0
Attempting to take the derivative of sqrt(prevariable x) at x=0
Attempting to take the derivative of sqrt(prevariable x) at x=0
Attempting to take the derivative of sqrt(prevariable x) at x=0
Attempting to take the derivative of sqrt(prevariable x) at x=0
Attempting to take the derivative of sqrt(prevariable x) at x=0
Attempting to take the derivative of sqrt(prevariable x) at x=0
Attempting to take the derivative of sqrt(prevariable x) at x=0
Attempting to take the derivative of sqrt(prevariable x) at x=0
Attempting to take the derivative of sqrt(prevariable x) at x=0
Attempting to take the derivative of sqrt(prevariable x) at x=0
Attempting to take the derivative of sqrt(prevariable x) at x=0
Attempting to take the derivative of sqrt(prevariable x) at x=0
Attempting to take the derivative of sqrt(prevariable x) at x=0
Attempting to take the derivative of sqrt(prevariable x) at x=0
Attempting to take the derivative of sqrt(prevariable x) at x=0
Attempting to take the derivative of sqrt(prevariable x) at x=0
Attempting to take the derivative of sqrt(prevariable x) at x=0
Attempting to take the derivative of sqrt(prevariable x) at x=0
Attempting to take the derivative of sqrt(prevariable x) at x=0
Attempting to take the derivative of sqrt(prevariable x) at x=0
Attempting to take the derivative of sqrt(prevariable x) at x=0
Attempting to take the derivative of sqrt(prevariable x) at x=0
Attempting to take the derivative of sqrt(prevariable x) at x=0
Attempting to take the derivative of sqrt(prevariable x) at x=0
Attempting to take the derivative of sqrt(prevariable x) at x=0
Attempting to take the derivative of sqrt(prevariable x) at x=0
Attempting to take the derivative of sqrt(prevariable x) at x=0
Attempting to take the derivative of sqrt(prevariable x) at x=0
Attempting to take the derivative of sqrt(prevariable x) at x=0
Attempting to take the derivative of sqrt(prevariable x) at x=0
Attempting to take the derivative of sqrt(prevariable x) at x=0
Attempting to take the derivative of sqrt(prevariable x) at x=0
Attempting to take the derivative of sqrt(prevariable x) at x=0
Attempting to take the derivative of sqrt(prevariable x) at x=0
Attempting to take the derivative of sqrt(prevariable x) at x=0
Attempting to take the derivative of sqrt(prevariable x) at x=0
Attempting to take the derivative of sqrt(prevariable x) at x=0
T3 calc N
 18357 7938.77 4770.92 2260.76 1477.84 1624.01 3797.97 549.068 156.398 79.9615 90.8105 83.8524 30.8979 6.44854 14.9374
 23533.7 7462.93 4970.67 3260.87 1375.98 734.498 811.212 1909.21 232.902 66.462 34.0681 38.0997 35.1975 12.9695 8.97685
 0.900065 0.468203 0.380545 0.496534 0.699152 0.694124 0.687778 0.857603 0.855775 0.853183 0.868569 0.868084 0.868084 0.868084 0.868084
 0.406543 0.626127 0.683489 0.608636 0.497007 0.499512 0.502692 0.424178 0.424954 0.426057 0.419552 0.419755 0.419755 0.419755 0.419755
SSBs 0.357022
SSBs 0.343547

Finished running model 'pm' after 48 s.
EXIT=0
